
--------------------------------------------------------------
*** Q1 ***
isbn	first_publish_year	page_count	publisher_name
1111111111111	2018	408	Temp1 Temp2
2222222222222	2018	408	Temp1 Temp2
9786052116685	2018	408	Koc Universitesi Yayinlari

--------------------------------------------------------------
