
--------------------------------------------------------------
*** Q6 ***
author_id	isbn
278	9789944989282
14187	1111111111111
14187	2222222222222
14187	6666666666666
14187	9786059389204
29350	1111111111111
29350	2222222222222
29350	9786059389204

--------------------------------------------------------------
