
--------------------------------------------------------------
*** Q2 ***
publisher_id	average_page_count
34	304.2857
55	408.0

--------------------------------------------------------------
