
--------------------------------------------------------------
*** Insert into Book ***
13 books are inserted.

--------------------------------------------------------------
