
--------------------------------------------------------------
*** Q5 ***
author_id	author_name
11151	Will Kymlicka
14187	Rengin Isik
29350	Esra Tuncer

--------------------------------------------------------------
