
--------------------------------------------------------------
*** Q9 ***
Sum of all ratings is:50.0

--------------------------------------------------------------
