
--------------------------------------------------------------
*** Q8 ***
isbn	book_name	rating
4444444444444	Temp4	3.0
5555555555555	Temp4	3.0
9786059389754	Viyana Nokta	3.0

--------------------------------------------------------------
