
--------------------------------------------------------------
*** Insert into Author_Of ***
18 Author_ofs are inserted.

--------------------------------------------------------------
